<html>
<body>
<pre>
<h1>µVision Build Log</h1>
<h2>Tool Versions:</h2>
IDE-Version: ¦ÌVision V5.21.1.0
Copyright (C) 2016 ARM Ltd and ARM Germany GmbH. All rights reserved.
License Information: 2 2w, w, LIC=LSNNN-YAG7G-EH08P-M9GAT-ZVPYL-9M1C1
 
Tool Versions:
Toolchain:       MDK-ARM Plus  Version: 5.21a
Toolchain Path:  C:\Keil_v5\ARM\ARMCC\Bin
C Compiler:      Armcc.exe V5.06 update 3 (build 300)
Assembler:       Armasm.exe V5.06 update 3 (build 300)
Linker/Locator:  ArmLink.exe V5.06 update 3 (build 300)
Library Manager: ArmAr.exe V5.06 update 3 (build 300)
Hex Converter:   FromElf.exe V5.06 update 3 (build 300)
CPU DLL:         SARMCM3.DLL V5.21a
Dialog DLL:      DCM.DLL V1.13.8.0
Target DLL:      STLink\ST-LINKIII-KEIL_SWO.dll V2.0.18.0
Dialog DLL:      TCM.DLL V1.14.14.0
 
<h2>Project:</h2>
D:\03-project\60-wireless_plc\code\wireless_oia\pro\mdk\wireless_oia.uvprojx
Project File Date:  03/14/2018

<h2>Output:</h2>
*** Using Compiler 'V5.06 update 3 (build 300)', folder: 'C:\Keil_v5\ARM\ARMCC\Bin'
Build target 'Target 1'
compiling croutine.c...
compiling event_groups.c...
compiling s_delay.c...
compiling main.c...
compiling list.c...
compiling queue.c...
compiling tasks.c...
compiling timers.c...
compiling heap_4.c...
compiling port.c...
compiling sign_led.c...
compiling tm1650.c...
compiling wireless.c...
compiling gd32f10x_adc.c...
compiling sign_configure.c...
..\..\device\sign_configure.c(154): warning:  #111-D: statement is unreachable
  		} break;
..\..\device\sign_configure.c(157): warning:  #111-D: statement is unreachable
  		} break;
..\..\device\sign_configure.c(160): warning:  #111-D: statement is unreachable
  		} break;
..\..\device\sign_configure.c(163): warning:  #111-D: statement is unreachable
  		} break;
..\..\device\sign_configure.c(166): warning:  #111-D: statement is unreachable
  		} break;
..\..\device\sign_configure.c: 5 warnings, 0 errors
compiling gd32f10x_bkp.c...
compiling gd32f10x_can.c...
compiling gd32f10x_crc.c...
compiling gd32f10x_dac.c...
compiling gd32f10x_dbg.c...
compiling gd32f10x_dma.c...
compiling gd32f10x_enet.c...
compiling gd32f10x_exmc.c...
compiling gd32f10x_exti.c...
compiling gd32f10x_fmc.c...
compiling gd32f10x_fwdgt.c...
compiling gd32f10x_gpio.c...
compiling gd32f10x_i2c.c...
compiling gd32f10x_misc.c...
compiling gd32f10x_pmu.c...
compiling gd32f10x_rcu.c...
compiling gd32f10x_rtc.c...
compiling gd32f10x_sdio.c...
compiling gd32f10x_spi.c...
compiling gd32f10x_timer.c...
assembling startup_gd32f10x_hd.s...
compiling gd32f10x_usart.c...
compiling gd32f10x_wwdgt.c...
compiling system_gd32f10x.c...
linking...
Program Size: Code=12100 RO-data=352 RW-data=120 ZI-data=26960  
".\Objects\wireless_oia.axf" - 0 Error(s), 5 Warning(s).

<h2>Software Packages used:</h2>

Package Vendor: ARM
                http://www.keil.com/pack/ARM.CMSIS.5.3.0.pack
                ARM::CMSIS:CORE:5.1.1
                CMSIS (Cortex Microcontroller Software Interface Standard)
   * Component: CORE Version: 5.1.1

Package Vendor: GigaDevice
                http://www.keil.com/pack/GigaDevice.GD32F10x_DFP.2.0.0.pack
                GigaDevice::Device:GD32F10x_StdPeripherals:CAN:2.0.0
                GigaDevice GD32F10x Series Device Support and Examples
   * Component: CAN Version: 2.0.0
   * Component: DMA Version: 2.0.0
   * Component: BKP Version: 2.0.0
   * Component: EXMC Version: 2.0.0
   * Component: EXTI Version: 2.0.0
   * Component: ADC Version: 2.0.0
   * Component: CRC Version: 2.0.0
   * Component: DAC Version: 2.0.0
   * Component: DBG Version: 2.0.0
   * Component: ENET Version: 2.0.0
   * Component: Startup Version: 2.0.0
   * Component: I2C Version: 2.0.0
   * Component: FMC Version: 2.0.0
   * Component: PMU Version: 2.0.0
   * Component: RTC Version: 2.0.0
   * Component: RCU Version: 2.0.0
   * Component: TIMER Version: 2.0.0
   * Component: SPI_I2S Version: 2.0.0
   * Component: GPIO Version: 2.0.0
   * Component: WWDGT Version: 2.0.0
   * Component: FWDGT Version: 2.0.0
   * Component: USART Version: 2.0.0
   * Component: MISC Version: 2.0.0
   * Component: GD32F10x_libopt Version: 2.0.0
   * Component: SDIO Version: 2.0.0

<h2>Collection of Component include folders:</h2>
  D:\03-project\60-wireless_plc\code\wireless_oia\pro\mdk\RTE
  C:\Keil_v5\ARM\PACK\ARM\CMSIS\5.3.0\CMSIS\Include
  C:\Keil_v5\ARM\PACK\GigaDevice\GD32F10x_DFP\2.0.0\Device\Firmware\Peripherals\inc
  C:\Keil_v5\ARM\PACK\GigaDevice\GD32F10x_DFP\2.0.0\Device\Include

<h2>Collection of Component Files used:</h2>

   * Component: ARM::CMSIS:CORE:5.1.1

   * Component: GigaDevice::Device:GD32F10x_StdPeripherals:CAN:2.0.0
      Include file:  Device\Firmware\Peripherals\inc\gd32f10x_can.h
      Source file:   Device\Firmware\Peripherals\src\gd32f10x_can.c

   * Component: GigaDevice::Device:GD32F10x_StdPeripherals:DMA:2.0.0
      Source file:   Device\Firmware\Peripherals\src\gd32f10x_dma.c
      Include file:  Device\Firmware\Peripherals\inc\gd32f10x_dma.h

   * Component: GigaDevice::Device:GD32F10x_StdPeripherals:BKP:2.0.0
      Include file:  Device\Firmware\Peripherals\inc\gd32f10x_bkp.h
      Source file:   Device\Firmware\Peripherals\src\gd32f10x_bkp.c

   * Component: GigaDevice::Device:GD32F10x_StdPeripherals:EXMC:2.0.0
      Include file:  Device\Firmware\Peripherals\inc\gd32f10x_exmc.h
      Source file:   Device\Firmware\Peripherals\src\gd32f10x_exmc.c

   * Component: GigaDevice::Device:GD32F10x_StdPeripherals:EXTI:2.0.0
      Include file:  Device\Firmware\Peripherals\inc\gd32f10x_exti.h
      Source file:   Device\Firmware\Peripherals\src\gd32f10x_exti.c

   * Component: GigaDevice::Device:GD32F10x_StdPeripherals:ADC:2.0.0
      Source file:   Device\Firmware\Peripherals\src\gd32f10x_adc.c
      Include file:  Device\Firmware\Peripherals\inc\gd32f10x_adc.h

   * Component: GigaDevice::Device:GD32F10x_StdPeripherals:CRC:2.0.0
      Source file:   Device\Firmware\Peripherals\src\gd32f10x_crc.c
      Include file:  Device\Firmware\Peripherals\inc\gd32f10x_crc.h

   * Component: GigaDevice::Device:GD32F10x_StdPeripherals:DAC:2.0.0
      Source file:   Device\Firmware\Peripherals\src\gd32f10x_dac.c
      Include file:  Device\Firmware\Peripherals\inc\gd32f10x_dac.h

   * Component: GigaDevice::Device:GD32F10x_StdPeripherals:DBG:2.0.0
      Source file:   Device\Firmware\Peripherals\src\gd32f10x_dbg.c
      Include file:  Device\Firmware\Peripherals\inc\gd32f10x_dbg.h

   * Component: GigaDevice::Device:GD32F10x_StdPeripherals:ENET:2.0.0
      Include file:  Device\Firmware\Peripherals\inc\gd32f10x_enet.h
      Source file:   Device\Firmware\Peripherals\src\gd32f10x_enet.c

   * Component: GigaDevice::Device:Startup:2.0.0
      Include file:  Device\Include\gd32f10x.h
      Source file:   Device\Source\ARM\startup_gd32f10x_hd.s
      Source file:   Device\Source\system_gd32f10x.c

   * Component: GigaDevice::Device:GD32F10x_StdPeripherals:I2C:2.0.0
      Source file:   Device\Firmware\Peripherals\src\gd32f10x_i2c.c
      Include file:  Device\Firmware\Peripherals\inc\gd32f10x_i2c.h

   * Component: GigaDevice::Device:GD32F10x_StdPeripherals:FMC:2.0.0
      Source file:   Device\Firmware\Peripherals\src\gd32f10x_fmc.c
      Include file:  Device\Firmware\Peripherals\inc\gd32f10x_fmc.h

   * Component: GigaDevice::Device:GD32F10x_StdPeripherals:PMU:2.0.0
      Include file:  Device\Firmware\Peripherals\inc\gd32f10x_pmu.h
      Source file:   Device\Firmware\Peripherals\src\gd32f10x_pmu.c

   * Component: GigaDevice::Device:GD32F10x_StdPeripherals:RTC:2.0.0
      Source file:   Device\Firmware\Peripherals\src\gd32f10x_rtc.c
      Include file:  Device\Firmware\Peripherals\inc\gd32f10x_rtc.h

   * Component: GigaDevice::Device:GD32F10x_StdPeripherals:RCU:2.0.0
      Include file:  Device\Firmware\Peripherals\inc\gd32f10x_rcu.h
      Source file:   Device\Firmware\Peripherals\src\gd32f10x_rcu.c

   * Component: GigaDevice::Device:GD32F10x_StdPeripherals:TIMER:2.0.0
      Include file:  Device\Firmware\Peripherals\inc\gd32f10x_timer.h
      Source file:   Device\Firmware\Peripherals\src\gd32f10x_timer.c

   * Component: GigaDevice::Device:GD32F10x_StdPeripherals:SPI_I2S:2.0.0
      Source file:   Device\Firmware\Peripherals\src\gd32f10x_spi.c
      Include file:  Device\Firmware\Peripherals\inc\gd32f10x_spi.h

   * Component: GigaDevice::Device:GD32F10x_StdPeripherals:GPIO:2.0.0
      Include file:  Device\Firmware\Peripherals\inc\gd32f10x_gpio.h
      Source file:   Device\Firmware\Peripherals\src\gd32f10x_gpio.c

   * Component: GigaDevice::Device:GD32F10x_StdPeripherals:WWDGT:2.0.0
      Include file:  Device\Firmware\Peripherals\inc\gd32f10x_wwdgt.h
      Source file:   Device\Firmware\Peripherals\src\gd32f10x_wwdgt.c

   * Component: GigaDevice::Device:GD32F10x_StdPeripherals:FWDGT:2.0.0
      Source file:   Device\Firmware\Peripherals\src\gd32f10x_fwdgt.c
      Include file:  Device\Firmware\Peripherals\inc\gd32f10x_fwdgt.h

   * Component: GigaDevice::Device:GD32F10x_StdPeripherals:USART:2.0.0
      Include file:  Device\Firmware\Peripherals\inc\gd32f10x_usart.h
      Source file:   Device\Firmware\Peripherals\src\gd32f10x_usart.c

   * Component: GigaDevice::Device:GD32F10x_StdPeripherals:MISC:2.0.0
      Include file:  Device\Firmware\Peripherals\inc\gd32f10x_misc.h
      Source file:   Device\Firmware\Peripherals\src\gd32f10x_misc.c

   * Component: GigaDevice::Device:GD32F10x_libopt:2.0.0
      Include file:  Device\Include\gd32f10x_libopt.h

   * Component: GigaDevice::Device:GD32F10x_StdPeripherals:SDIO:2.0.0
      Include file:  Device\Firmware\Peripherals\inc\gd32f10x_sdio.h
      Source file:   Device\Firmware\Peripherals\src\gd32f10x_sdio.c
Build Time Elapsed:  00:01:11
</pre>
</body>
</html>
